// Jest Snapshot v1, https://goo.gl/fbAQLP

exports[`AppCard Should match snapshot 1`] = `"<div class=\\"pa-2 pa-sm-4 v-card v-sheet theme--light\\"><div class=\\"d-flex justify-space-between\\"><div class=\\"d-flex\\"><div class=\\"v-avatar d-none d-sm-block v-avatar--tile\\" style=\\"height: 64px; min-width: 64px; width: 64px;\\"><img src=\\"https://picsum.photos/50/50\\" alt=\\"fumbling needy knife\\"></div> <div><div class=\\"v-card__title pt-0 pl-2\\">fumbling needy knife</div> <div class=\\"v-card__subtitle pl-2\\"><i aria-hidden=\\"true\\" class=\\"v-icon notranslate mdi mdi-cellphone-iphone theme--light\\" style=\\"font-size: 16px;\\"></i> <span class=\\"mr-2\\">62336 users</span> <i aria-hidden=\\"true\\" class=\\"v-icon notranslate mdi mdi-apple theme--light\\" style=\\"font-size: 16px;\\"></i><i aria-hidden=\\"true\\" class=\\"v-icon notranslate mdi mdi-android theme--light\\" style=\\"font-size: 16px;\\"></i><i aria-hidden=\\"true\\" class=\\"v-icon notranslate mdi mdi-google-chrome theme--light\\" style=\\"font-size: 16px;\\"></i><i aria-hidden=\\"true\\" class=\\"v-icon notranslate mdi mdi-firefox theme--light\\" style=\\"font-size: 16px;\\"></i><i aria-hidden=\\"true\\" class=\\"v-icon notranslate mdi mdi-opera theme--light\\" style=\\"font-size: 16px;\\"></i><i aria-hidden=\\"true\\" class=\\"v-icon notranslate mdi mdi-apple-safari theme--light\\" style=\\"font-size: 16px;\\"></i></div></div></div> <div class=\\"d-flex pt-2\\"><button type=\\"button\\" class=\\"v-btn v-btn--flat v-btn--icon v-btn--round v-btn--text theme--light v-size--default\\" aria-label=\\"star app\\"><span class=\\"v-btn__content\\"><i aria-hidden=\\"true\\" class=\\"v-icon notranslate mdi mdi-decagram theme--light\\"></i></span></button><button type=\\"button\\" class=\\"v-btn v-btn--flat v-btn--icon v-btn--round v-btn--text theme--light v-size--default\\" aria-label=\\"share app\\"><span class=\\"v-btn__content\\"><i aria-hidden=\\"true\\" class=\\"v-icon notranslate mdi mdi-share theme--light\\"></i></span></button><button type=\\"button\\" class=\\"v-btn v-btn--flat v-btn--icon v-btn--round v-btn--text theme--light v-size--default\\" aria-label=\\"more options\\"><span class=\\"v-btn__content\\"><i aria-hidden=\\"true\\" class=\\"v-icon notranslate mdi mdi-dots-vertical theme--light\\"></i></span></button></div></div> <div class=\\"chart\\"><canvas id=\\"line-chart\\" width=\\"0\\" height=\\"0\\" style=\\"display: block;\\" class=\\"chartjs-render-monitor\\"></canvas></div> <button type=\\"button\\" class=\\"v-btn v-btn--flat v-btn--icon v-btn--round v-btn--text theme--light v-size--default\\" aria-label=\\"send notification\\"><span class=\\"v-btn__content\\"><i aria-hidden=\\"true\\" class=\\"v-icon notranslate mdi mdi-send theme--light\\"></i></span></button><button type=\\"button\\" class=\\"v-btn v-btn--flat v-btn--icon v-btn--round v-btn--text theme--light v-size--default\\" aria-label=\\"update app\\"><span class=\\"v-btn__content\\"><i aria-hidden=\\"true\\" class=\\"v-icon notranslate mdi mdi-update theme--light\\"></i></span></button><button type=\\"button\\" class=\\"v-btn v-btn--flat v-btn--icon v-btn--round v-btn--text theme--light v-size--default\\" aria-label=\\"mobile devices\\"><span class=\\"v-btn__content\\"><i aria-hidden=\\"true\\" class=\\"v-icon notranslate mdi mdi-cellphone-iphone theme--light\\"></i></span></button><button type=\\"button\\" class=\\"v-btn v-btn--flat v-btn--icon v-btn--round v-btn--text theme--light v-size--default\\" aria-label=\\"all devices\\"><span class=\\"v-btn__content\\"><i aria-hidden=\\"true\\" class=\\"v-icon notranslate mdi mdi-account-group theme--light\\"></i></span></button><button type=\\"button\\" class=\\"v-btn v-btn--flat v-btn--icon v-btn--round v-btn--text theme--light v-size--default\\" aria-label=\\"app settings\\"><span class=\\"v-btn__content\\"><i aria-hidden=\\"true\\" class=\\"v-icon notranslate mdi mdi-settings theme--light\\"></i></span></button><button type=\\"button\\" class=\\"v-btn v-btn--flat v-btn--icon v-btn--round v-btn--text theme--light v-size--default\\" aria-label=\\"app statistics\\"><span class=\\"v-btn__content\\"><i aria-hidden=\\"true\\" class=\\"v-icon notranslate mdi mdi-chart-areaspline-variant theme--light\\"></i></span></button><button type=\\"button\\" class=\\"v-btn v-btn--flat v-btn--icon v-btn--round v-btn--text theme--light v-size--default\\" aria-label=\\"tweet\\"><span class=\\"v-btn__content\\"><i aria-hidden=\\"true\\" class=\\"v-icon notranslate mdi mdi-twitter theme--light\\"></i></span></button></div>"`;
