// Jest Snapshot v1, https://goo.gl/fbAQLP

exports[`LoginForm Should match snapshot 1`] = `
"<form novalidate=\\"novalidate\\" class=\\"v-form d-flex flex-column\\"><div class=\\"v-input theme--light v-text-field\\"><div class=\\"v-input__control\\"><div class=\\"v-input__slot\\"><div class=\\"v-text-field__slot\\"><label for=\\"input-3\\" class=\\"v-label theme--light\\" style=\\"right: 0px; position: absolute;\\">E-mail</label><input name=\\"email\\" required=\\"required\\" id=\\"input-3\\" type=\\"text\\"></div></div><div class=\\"v-text-field__details\\"><div class=\\"v-messages theme--light\\"><span name=\\"message-transition\\" tag=\\"div\\" class=\\"v-messages__wrapper\\"></span></div></div></div></div> <div class=\\"v-input theme--light v-text-field\\"><div class=\\"v-input__control\\"><div class=\\"v-input__slot\\"><div class=\\"v-text-field__slot\\"><label for=\\"input-6\\" class=\\"v-label theme--light\\" style=\\"right: 0px; position: absolute;\\">Password</label><input name=\\"password\\" required=\\"required\\" id=\\"input-6\\" type=\\"password\\"></div></div><div class=\\"v-text-field__details\\"><div class=\\"v-messages theme--light\\"><span name=\\"message-transition\\" tag=\\"div\\" class=\\"v-messages__wrapper\\"></span></div></div></div></div> <nuxt-link-stub to=\\"/register\\" class=\\"body-2 font-weight-bold\\">Don't have an account?</nuxt-link-stub> <nuxt-link-stub to=\\"/reset-pw\\" class=\\"body-2 font-weight-bold\\">Forgot your password?</nuxt-link-stub> <button type=\\"submit\\" disabled=\\"disabled\\" class=\\"my-4 v-btn v-btn--block v-btn--contained v-btn--disabled theme--light v-size--default\\"><span class=\\"v-btn__content\\">
    LOGIN
  </span></button></form>"
`;
